LTspice 24.1.10 for Windows
Circuit: C:\Users\avent\OneDrive\Documents\pcb-001-ne555-astable-led-flasher\simulation\simulation\ltspice\pcb001_ne555_astable.net
Start Time: Fri Aug 14 19:09:56 2026
solver = Normal
Maximum thread count: 16
tnom = 27
temp = 27
method = trap
Direct Newton iteration for .op point succeeded.
.step rbval=10000
.step rbval=60000
.step rbval=110000
Total elapsed time: 0.335 seconds.

Files loaded:
C:\Users\avent\OneDrive\Documents\pcb-001-ne555-astable-led-flasher\simulation\simulation\ltspice\pcb001_ne555_astable.net
C:\Users\avent\AppData\Local\LTspice\lib\cmp\standard.dio
C:\Users\avent\AppData\Local\LTspice\lib\sub\NE555.sub


Measurement: tr1
  step	V(vout)=2.5
     1	1.12281239867
     2	1.18652501271
     3	2.08367191245

Measurement: tr2
  step	V(vout)=2.5
     1	1.33116593501
     2	2.08941070582
     3	3.68110046401

Measurement: tf1
  step	V(vout)=2.5
     1	1.0532776495
     2	1.67244992358
     3	1.3193551348

Measurement: tf2
  step	V(vout)=2.5
     1	1.26163118584
     2	2.57533561778
     3	2.9167836956

Measurement: thigh
  step	if(TF1>TR1, TF1-TR1, TF2-TR1)
     1	0.138818787179
     2	0.485924910876
     3	0.833111783155

Measurement: period
  step	TR2-TR1
     1	0.208353536348
     2	0.902885693113
     3	1.59742855157

Measurement: tlow
  step	PERIOD-tHIGH
     1	0.0695347491695
     2	0.416960782236
     3	0.764316768411

Measurement: freq
  step	1/PERIOD
     1	4.79953456767
     2	1.10755991332
     3	0.626006088986

Measurement: duty
  step	100*tHIGH/PERIOD
     1	66.6265567707
     2	53.8190952169
     3	52.1533049061

Measurement: vcap_min
  step	MIN(V(vcap))	FROM	TO
     1	1.66566622257	1	5
     2	1.66566741467	1	5
     3	1.66566753387	1	5

Measurement: vcap_max
  step	MAX(V(vcap))	FROM	TO
     1	3.3343334198	1	5
     2	3.33433270454	1	5
     3	3.33433246613	1	5

Measurement: iled_max
  step	MAX(abs(I(R3)))	FROM	TO
     1	0.00900516007096	1	5
     2	0.00900594517589	1	5
     3	0.00900594517589	1	5

Measurement: iled_avg
  step	AVG(abs(I(R3)))	FROM	TO
     1	0.0039800576466	1	5
     2	0.00318801690483	1	5
     3	0.00295015567704	1	5

Measurement: vout_max
  step	MAX(V(vout))	FROM	TO
     1	4.96431541443	1	5
     2	4.96431541443	1	5
     3	4.96431541443	1	5

Measurement: vout_min
  step	MIN(V(vout))	FROM	TO
     1	2.9999850085e-05	1	5
     2	2.9999850085e-05	1	5
     3	2.9999850085e-05	1	5
